---
source: core/src/stages/german/words.rs
expression: "WordCasing::try_from(word.as_str())"
info:
  word: WOW!!
---
Err: String contains characters with undecidable casing

