---
source: core/src/stages/german/driver.rs
expression: result.0
info:
  word: Suess!
---
Süß!

