---
source: core/src/modules/german/processor.rs
expression: input
info:
  word: Oel ist ein wichtiger Bestandteil von Oel.
---
Öl ist ein wichtiger Bestandteil von Öl.

