---
source: core/src/util/strings.rs
expression: titlecase(&word)
info:
  word: hello
---
Hello
