---
source: core/src/util/strings.rs
expression: "WordCasing::try_from(word.as_str())"
info:
  word: áºžuperduper
---
Ok: Titlecase

