---
source: common/src/itertools.rs
expression: result
info:
  collection:
    - 1
    - 2
    - 3
---
- - 1
- - 2
- - 3
- - 1
  - 2
- - 1
  - 3
- - 2
  - 3
- - 1
  - 2
  - 3

