---
source: tests/langs/mod.rs
expression: inscope_parts
---
- n: 273
  l: "pub(super) struct PubSuperStruct {}\n"
  m: "^^^^^^^^^^^^^^^^^^^^^^^^^^^^^^^^^^^  "
