---
source: tests/langs/mod.rs
expression: inscope_parts
---
- n: 2
  l: "import 'some/package';\n"
  m: "         ^^^^^^^^^^^^     "
- n: 3
  l: "import { promisify } from 'util';\n"
  m: "                            ^^^^     "
