---
source: tests/langs/mod.rs
expression: inscope_parts
---
- n: 57
  l: "provider \"aws\" {\n"
  m: ^^^^^^^^^^^^^^^^^^^^
- n: 58
  l: "  region = \"us-west-2\"\n"
  m: ^^^^^^^^^^^^^^^^^^^^^^^^^^
- n: 59
  l: "}\n"
  m: "^  "
