---
source: tests/langs/mod.rs
expression: inscope_parts
---
- n: 251
  l: "    fn some_test() {\n"
  m: "    ^^^^^^^^^^^^^^^^^^"
- n: 252
  l: "        assert_eq!(3, 3);\n"
  m: ^^^^^^^^^^^^^^^^^^^^^^^^^^^
- n: 253
  l: "    }\n"
  m: "^^^^^  "
- n: 257
  l: "    fn test_with_rstest(#[case] i: u64) {\n"
  m: "    ^^^^^^^^^^^^^^^^^^^^^^^^^^^^^^^^^^^^^^^"
- n: 258
  l: "        assert_eq!(1337, 1337);\n"
  m: ^^^^^^^^^^^^^^^^^^^^^^^^^^^^^^^^^
- n: 259
  l: "    }\n"
  m: "^^^^^  "
