---
source: tests/langs/mod.rs
expression: inscope_parts
---
- n: 270
  l: "pub struct PubStruct {}\n"
  m: "^^^^^^^^^^^^^^^^^^^^^^^  "
