---
source: tests/langs/mod.rs
expression: inscope_parts
---
- n: 299
  l: "extern \"C\" fn example_extern() -> i32 {\n"
  m: ^^^^^^^^^^^^^^^^^^^^^^^^^^^^^^^^^^^^^^^^^^^
- n: 300
  l: "    42\n"
  m: ^^^^^^^^
- n: 301
  l: "}\n"
  m: "^  "
