---
source: tests/cli.rs
expression: "CommandResult { args, stdin, stdout, exit_code }"
---
args:
  - "--fail-none"
  - "\\d"
stdin: "\n\n\nDuebel\n\nðŸ˜‚\n\n\u0010\n\n"
stdout: ""
exit_code: 1

