---
source: tests/cli.rs
expression: "CommandResult { args, stdin, stdout, exit_code }"
---
args:
  - "--delete"
  - "\\p{Emoji_Presentation}"
stdin: Duebel -> 1.5mm; Wand != 3mÂ²... UEBELTAETER! ðŸ˜«
stdout: "Duebel -> 1.5mm; Wand != 3mÂ²... UEBELTAETER! "
exit_code: 0

