---
source: tests/cli.rs
expression: "CommandResult { args, stdin, stdout, exit_code }"
---
args:
  - "--fail-any"
  - "\\d"
stdin: Duebel -> 1.5mm; Wand != 3mÂ²... UEBELTAETER! ğŸ˜«
stdout: ""
exit_code: 1

