---
source: core/src/stages/german/driver.rs
expression: input
info:
  word: Abenteuer sind toll!
---
Abenteuer sind toll!

